// Jest Snapshot v1, https://goo.gl/fbAQLP

exports[`Storyshots Connected/App with multiple items 1`] = `
<App store={{}} loaded={false} dispatch={"function"} storeSubscription={{"store":{},"listeners":{}}}>
  <Fragment>
    <Connect(AppBar) />
    <div className={"app-loading-spinner"}>
      <div className={"app-spinner"} />
    </div>
    <Connect(PersistenceManager) />
  </Fragment>
</App>
`;
